
02-19-2023 16:16:47 texteditor.backend.logger ~ Infomation - This is an example infomation.
02-19-2023 16:20:14 texteditor.backend.logger ~ Infomation - This is an example infomation.
02-19-2023 16:22:55 texteditor.backend.logger ~ Infomation - This is an example infomation.